Traceback (most recent call last):
  File "D:\Infofit Projects\Edublogs\backend\venv\Lib\site-packages\sqlalchemy\engine\base.py", line 149, in __init__
    self._dbapi_connection = engine.raw_connection()
                             ^^^^^^^^^^^^^^^^^^^^^^^
  File "D:\Infofit Projects\Edublogs\backend\venv\Lib\site-packages\sqlalchemy\engine\base.py", line 3284, in raw_connection
    return self.pool.connect()
           ^^^^^^^^^^^^^^^^^^^
  File "D:\Infofit Projects\Edublogs\backend\venv\Lib\site-packages\sqlalchemy\pool\base.py", line 445, in connect
    return _ConnectionFairy._checkout(self)
           ^^^^^^^^^^^^^^^^^^^^^^^^^^^^^^^^
  File "D:\Infofit Projects\Edublogs\backend\venv\Lib\site-packages\sqlalchemy\pool\base.py", line 1303, in _checkout
    fairy = _ConnectionRecord.checkout(pool)
            ^^^^^^^^^^^^^^^^^^^^^^^^^^^^^^^^
  File "D:\Infofit Projects\Edublogs\backend\venv\Lib\site-packages\sqlalchemy\pool\base.py", line 709, in checkout
    rec = pool._do_get()
          ^^^^^^^^^^^^^^
  File "D:\Infofit Projects\Edublogs\backend\venv\Lib\site-packages\sqlalchemy\pool\impl.py", line 176, in _do_get
    with util.safe_reraise():
  File "D:\Infofit Projects\Edublogs\backend\venv\Lib\site-packages\sqlalchemy\util\langhelpers.py", line 166, in __exit__
    raise exc_value.with_traceback(exc_tb)
  File "D:\Infofit Projects\Edublogs\backend\venv\Lib\site-packages\sqlalchemy\pool\impl.py", line 174, in _do_get
    return self._create_connection()
           ^^^^^^^^^^^^^^^^^^^^^^^^^
  File "D:\Infofit Projects\Edublogs\backend\venv\Lib\site-packages\sqlalchemy\pool\base.py", line 386, in _create_connection
    return _ConnectionRecord(self)
           ^^^^^^^^^^^^^^^^^^^^^^^
  File "D:\Infofit Projects\Edublogs\backend\venv\Lib\site-packages\sqlalchemy\pool\base.py", line 671, in __init__
    self.__connect()
  File "D:\Infofit Projects\Edublogs\backend\venv\Lib\site-packages\sqlalchemy\pool\base.py", line 906, in __connect
    with util.safe_reraise():
  File "D:\Infofit Projects\Edublogs\backend\venv\Lib\site-packages\sqlalchemy\util\langhelpers.py", line 166, in __exit__
    raise exc_value.with_traceback(exc_tb)
  File "D:\Infofit Projects\Edublogs\backend\venv\Lib\site-packages\sqlalchemy\pool\base.py", line 902, in __connect
    self.dbapi_connection = connection = pool._invoke_creator(self)
                                         ^^^^^^^^^^^^^^^^^^^^^^^^^^
  File "D:\Infofit Projects\Edublogs\backend\venv\Lib\site-packages\sqlalchemy\engine\create.py", line 645, in connect
    return dialect.connect(*cargs_tup, **cparams)
           ^^^^^^^^^^^^^^^^^^^^^^^^^^^^^^^^^^^^^^
  File "D:\Infofit Projects\Edublogs\backend\venv\Lib\site-packages\sqlalchemy\engine\default.py", line 869, in connect
    return self.loaded_dbapi.connect(*cargs, **cparams)  # type: ignore[no-any-return]  # NOQA: E501
           ^^^^^^^^^^^^^^^^^^^^^^^^^^^^^^^^^^^^^^^^^^^^
  File "D:\Infofit Projects\Edublogs\backend\venv\Lib\site-packages\psycopg2\__init__.py", line 135, in connect
    conn = _connect(dsn, connection_factory=connection_factory, **kwasync)
           ^^^^^^^^^^^^^^^^^^^^^^^^^^^^^^^^^^^^^^^^^^^^^^^^^^^^^^^^^^^^^^^
psycopg2.OperationalError: could not translate host name "db.gxlrlxcgdlxqdgampnhf.supabase.co" to address: Name or service not known


The above exception was the direct cause of the following exception:

Traceback (most recent call last):
  File "<frozen runpy>", line 198, in _run_module_as_main
  File "<frozen runpy>", line 88, in _run_code
  File "D:\Infofit Projects\Edublogs\backend\venv\Lib\site-packages\uvicorn\__main__.py", line 4, in <module>
    uvicorn.main()
  File "D:\Infofit Projects\Edublogs\backend\venv\Lib\site-packages\click\core.py", line 1631, in __call__
    return self.main(*args, **kwargs)
           ^^^^^^^^^^^^^^^^^^^^^^^^^^
  File "D:\Infofit Projects\Edublogs\backend\venv\Lib\site-packages\click\core.py", line 1552, in main
    rv = self.invoke(ctx)
         ^^^^^^^^^^^^^^^^
  File "D:\Infofit Projects\Edublogs\backend\venv\Lib\site-packages\click\core.py", line 1415, in invoke
    return ctx.invoke(self.callback, **ctx.params)
           ^^^^^^^^^^^^^^^^^^^^^^^^^^^^^^^^^^^^^^^
  File "D:\Infofit Projects\Edublogs\backend\venv\Lib\site-packages\click\core.py", line 910, in invoke
    return callback(*args, **kwargs)
           ^^^^^^^^^^^^^^^^^^^^^^^^^
  File "D:\Infofit Projects\Edublogs\backend\venv\Lib\site-packages\uvicorn\main.py", line 448, in main
    run(
  File "D:\Infofit Projects\Edublogs\backend\venv\Lib\site-packages\uvicorn\main.py", line 620, in run
    config.load_app()
  File "D:\Infofit Projects\Edublogs\backend\venv\Lib\site-packages\uvicorn\config.py", line 434, in load_app
    return import_from_string(self.app)
           ^^^^^^^^^^^^^^^^^^^^^^^^^^^^
  File "D:\Infofit Projects\Edublogs\backend\venv\Lib\site-packages\uvicorn\importer.py", line 19, in import_from_string
    module = importlib.import_module(module_str)
             ^^^^^^^^^^^^^^^^^^^^^^^^^^^^^^^^^^^
  File "C:\Program Files\Python312\Lib\importlib\__init__.py", line 90, in import_module
    return _bootstrap._gcd_import(name[level:], package, level)
           ^^^^^^^^^^^^^^^^^^^^^^^^^^^^^^^^^^^^^^^^^^^^^^^^^^^^
  File "<frozen importlib._bootstrap>", line 1387, in _gcd_import
  File "<frozen importlib._bootstrap>", line 1360, in _find_and_load
  File "<frozen importlib._bootstrap>", line 1331, in _find_and_load_unlocked
  File "<frozen importlib._bootstrap>", line 935, in _load_unlocked
  File "<frozen importlib._bootstrap_external>", line 995, in exec_module
  File "<frozen importlib._bootstrap>", line 488, in _call_with_frames_removed
  File "D:\Infofit Projects\Edublogs\backend\app\main.py", line 22, in <module>
    Base.metadata.create_all(bind=engine)
  File "D:\Infofit Projects\Edublogs\backend\venv\Lib\site-packages\sqlalchemy\sql\schema.py", line 6698, in create_all
    bind._run_ddl_visitor(
  File "D:\Infofit Projects\Edublogs\backend\venv\Lib\site-packages\sqlalchemy\engine\base.py", line 3234, in _run_ddl_visitor
    with self.begin() as conn:
  File "C:\Program Files\Python312\Lib\contextlib.py", line 137, in __enter__
    return next(self.gen)
           ^^^^^^^^^^^^^^
  File "D:\Infofit Projects\Edublogs\backend\venv\Lib\site-packages\sqlalchemy\engine\base.py", line 3224, in begin
    with self.connect() as conn:
         ^^^^^^^^^^^^^^
  File "D:\Infofit Projects\Edublogs\backend\venv\Lib\site-packages\sqlalchemy\engine\base.py", line 3260, in connect
    return self._connection_cls(self)
           ^^^^^^^^^^^^^^^^^^^^^^^^^^
  File "D:\Infofit Projects\Edublogs\backend\venv\Lib\site-packages\sqlalchemy\engine\base.py", line 151, in __init__
    Connection._handle_dbapi_exception_noconnection(
  File "D:\Infofit Projects\Edublogs\backend\venv\Lib\site-packages\sqlalchemy\engine\base.py", line 2417, in _handle_dbapi_exception_noconnection
    raise sqlalchemy_exception.with_traceback(exc_info[2]) from e
  File "D:\Infofit Projects\Edublogs\backend\venv\Lib\site-packages\sqlalchemy\engine\base.py", line 149, in __init__
    self._dbapi_connection = engine.raw_connection()
                             ^^^^^^^^^^^^^^^^^^^^^^^
  File "D:\Infofit Projects\Edublogs\backend\venv\Lib\site-packages\sqlalchemy\engine\base.py", line 3284, in raw_connection
    return self.pool.connect()
           ^^^^^^^^^^^^^^^^^^^
  File "D:\Infofit Projects\Edublogs\backend\venv\Lib\site-packages\sqlalchemy\pool\base.py", line 445, in connect
    return _ConnectionFairy._checkout(self)
           ^^^^^^^^^^^^^^^^^^^^^^^^^^^^^^^^
  File "D:\Infofit Projects\Edublogs\backend\venv\Lib\site-packages\sqlalchemy\pool\base.py", line 1303, in _checkout
    fairy = _ConnectionRecord.checkout(pool)
            ^^^^^^^^^^^^^^^^^^^^^^^^^^^^^^^^
  File "D:\Infofit Projects\Edublogs\backend\venv\Lib\site-packages\sqlalchemy\pool\base.py", line 709, in checkout
    rec = pool._do_get()
          ^^^^^^^^^^^^^^
  File "D:\Infofit Projects\Edublogs\backend\venv\Lib\site-packages\sqlalchemy\pool\impl.py", line 176, in _do_get
    with util.safe_reraise():
  File "D:\Infofit Projects\Edublogs\backend\venv\Lib\site-packages\sqlalchemy\util\langhelpers.py", line 166, in __exit__
    raise exc_value.with_traceback(exc_tb)
  File "D:\Infofit Projects\Edublogs\backend\venv\Lib\site-packages\sqlalchemy\pool\impl.py", line 174, in _do_get
    return self._create_connection()
           ^^^^^^^^^^^^^^^^^^^^^^^^^
  File "D:\Infofit Projects\Edublogs\backend\venv\Lib\site-packages\sqlalchemy\pool\base.py", line 386, in _create_connection
    return _ConnectionRecord(self)
           ^^^^^^^^^^^^^^^^^^^^^^^
  File "D:\Infofit Projects\Edublogs\backend\venv\Lib\site-packages\sqlalchemy\pool\base.py", line 671, in __init__
    self.__connect()
  File "D:\Infofit Projects\Edublogs\backend\venv\Lib\site-packages\sqlalchemy\pool\base.py", line 906, in __connect
    with util.safe_reraise():
  File "D:\Infofit Projects\Edublogs\backend\venv\Lib\site-packages\sqlalchemy\util\langhelpers.py", line 166, in __exit__
    raise exc_value.with_traceback(exc_tb)
  File "D:\Infofit Projects\Edublogs\backend\venv\Lib\site-packages\sqlalchemy\pool\base.py", line 902, in __connect
    self.dbapi_connection = connection = pool._invoke_creator(self)
                                         ^^^^^^^^^^^^^^^^^^^^^^^^^^
  File "D:\Infofit Projects\Edublogs\backend\venv\Lib\site-packages\sqlalchemy\engine\create.py", line 645, in connect
    return dialect.connect(*cargs_tup, **cparams)
           ^^^^^^^^^^^^^^^^^^^^^^^^^^^^^^^^^^^^^^
  File "D:\Infofit Projects\Edublogs\backend\venv\Lib\site-packages\sqlalchemy\engine\default.py", line 869, in connect
    return self.loaded_dbapi.connect(*cargs, **cparams)  # type: ignore[no-any-return]  # NOQA: E501
           ^^^^^^^^^^^^^^^^^^^^^^^^^^^^^^^^^^^^^^^^^^^^
  File "D:\Infofit Projects\Edublogs\backend\venv\Lib\site-packages\psycopg2\__init__.py", line 135, in connect
    conn = _connect(dsn, connection_factory=connection_factory, **kwasync)
           ^^^^^^^^^^^^^^^^^^^^^^^^^^^^^^^^^^^^^^^^^^^^^^^^^^^^^^^^^^^^^^^
sqlalchemy.exc.OperationalError: (psycopg2.OperationalError) could not translate host name "db.gxlrlxcgdlxqdgampnhf.supabase.co" to address: Name or service not known

(Background on this error at: https://sqlalche.me/e/21/e3q8)
